// Jest Snapshot v1, https://goo.gl/fbAQLP

exports[`Card.vue should match th snapshot 1`] = `"<div class=\\"card\\"><img src=\\"google.com\\" class=\\"image\\"></div>"`;
