// Jest Snapshot v1, https://goo.gl/fbAQLP

exports[`Header.vue should match the snapshot 1`] = `"<div class=\\"header\\"><h1 class=\\"text\\">Japanese Paintings</h1></div>"`;
